Release 14.7 - xst P.20131013 (nt64)
Copyright (c) 1995-2013 Xilinx, Inc.  All rights reserved.
--> Parameter TMPDIR set to xst/projnav.tmp


Total REAL time to Xst completion: 0.00 secs
Total CPU time to Xst completion: 0.10 secs
 
--> Parameter xsthdpdir set to xst


Total REAL time to Xst completion: 0.00 secs
Total CPU time to Xst completion: 0.10 secs
 
--> Reading design: SR_LOGI.prj

TABLE OF CONTENTS
  1) Synthesis Options Summary
  2) HDL Parsing
  3) HDL Elaboration
  4) HDL Synthesis
       4.1) HDL Synthesis Report
  5) Advanced HDL Synthesis
       5.1) Advanced HDL Synthesis Report
  6) Low Level Synthesis
  7) Partition Report
  8) Design Summary
       8.1) Primitive and Black Box Usage
       8.2) Device utilization summary
       8.3) Partition Resource Summary
       8.4) Timing Report
            8.4.1) Clock Information
            8.4.2) Asynchronous Control Signals Information
            8.4.3) Timing Summary
            8.4.4) Timing Details
            8.4.5) Cross Clock Domains Report


=========================================================================
*                      Synthesis Options Summary                        *
=========================================================================
---- Source Parameters
Input File Name                    : "SR_LOGI.prj"
Ignore Synthesis Constraint File   : NO

---- Target Parameters
Output File Name                   : "SR_LOGI"
Output Format                      : NGC
Target Device                      : xc7a100t-1-csg324

---- Source Options
Top Module Name                    : SR_LOGI
Automatic FSM Extraction           : YES
FSM Encoding Algorithm             : Auto
Safe Implementation                : No
FSM Style                          : LUT
RAM Extraction                     : Yes
RAM Style                          : Auto
ROM Extraction                     : Yes
Shift Register Extraction          : YES
ROM Style                          : Auto
Resource Sharing                   : YES
Asynchronous To Synchronous        : NO
Shift Register Minimum Size        : 2
Use DSP Block                      : Auto
Automatic Register Balancing       : No

---- Target Options
LUT Combining                      : Auto
Reduce Control Sets                : Auto
Add IO Buffers                     : YES
Global Maximum Fanout              : 100000
Add Generic Clock Buffer(BUFG)     : 32
Register Duplication               : YES
Optimize Instantiated Primitives   : NO
Use Clock Enable                   : Auto
Use Synchronous Set                : Auto
Use Synchronous Reset              : Auto
Pack IO Registers into IOBs        : Auto
Equivalent register Removal        : YES

---- General Options
Optimization Goal                  : Speed
Optimization Effort                : 1
Power Reduction                    : NO
Keep Hierarchy                     : No
Netlist Hierarchy                  : As_Optimized
RTL Output                         : Yes
Global Optimization                : AllClockNets
Read Cores                         : YES
Write Timing Constraints           : NO
Cross Clock Analysis               : NO
Hierarchy Separator                : /
Bus Delimiter                      : <>
Case Specifier                     : Maintain
Slice Utilization Ratio            : 100
BRAM Utilization Ratio             : 100
DSP48 Utilization Ratio            : 100
Auto BRAM Packing                  : NO
Slice Utilization Ratio Delta      : 5

=========================================================================


=========================================================================
*                          HDL Parsing                                  *
=========================================================================
Parsing VHDL file "C:\CG3207\Lab2\SR_LOGI.vhd" into library work
Parsing entity <SR_LOGI>.
Parsing architecture <SR_LOGI> of entity <sr_logi>.

=========================================================================
*                            HDL Elaboration                            *
=========================================================================

Elaborating entity <SR_LOGI> (architecture <SR_LOGI>) with generics from library <work>.

=========================================================================
*                           HDL Synthesis                               *
=========================================================================

Synthesizing Unit <SR_LOGI>.
    Related source file is "C:\CG3207\Lab2\SR_LOGI.vhd".
        width = 32
WARNING:Xst:647 - Input <Operand1<31:31>> is never used. This port will be preserved and left unconnected if it belongs to a top-level block or it belongs to a sub-block and the hierarchy of this sub-block is preserved.
    Found 32-bit register for signal <X>.
    Found 1-bit register for signal <flag>.
    Found 32-bit register for signal <TEMP_OP2>.
    Summary:
	inferred  65 D-type flip-flop(s).
	inferred  15 Multiplexer(s).
Unit <SR_LOGI> synthesized.

=========================================================================
HDL Synthesis Report

Macro Statistics
# Registers                                            : 3
 1-bit register                                        : 1
 32-bit register                                       : 2
# Multiplexers                                         : 15
 1-bit 2-to-1 multiplexer                              : 10
 32-bit 2-to-1 multiplexer                             : 5

=========================================================================

=========================================================================
*                       Advanced HDL Synthesis                          *
=========================================================================


=========================================================================
Advanced HDL Synthesis Report

Macro Statistics
# Registers                                            : 65
 Flip-Flops                                            : 65
# Multiplexers                                         : 15
 1-bit 2-to-1 multiplexer                              : 10
 32-bit 2-to-1 multiplexer                             : 5

=========================================================================

=========================================================================
*                         Low Level Synthesis                           *
=========================================================================
WARNING:Xst:1293 - FF/Latch <X_31> has a constant value of 0 in block <SR_LOGI>. This FF/Latch will be trimmed during the optimization process.
WARNING:Xst:2677 - Node <TEMP_OP2_5> of sequential type is unconnected in block <SR_LOGI>.
WARNING:Xst:2677 - Node <TEMP_OP2_6> of sequential type is unconnected in block <SR_LOGI>.
WARNING:Xst:2677 - Node <TEMP_OP2_7> of sequential type is unconnected in block <SR_LOGI>.
WARNING:Xst:2677 - Node <TEMP_OP2_8> of sequential type is unconnected in block <SR_LOGI>.
WARNING:Xst:2677 - Node <TEMP_OP2_9> of sequential type is unconnected in block <SR_LOGI>.
WARNING:Xst:2677 - Node <TEMP_OP2_10> of sequential type is unconnected in block <SR_LOGI>.
WARNING:Xst:2677 - Node <TEMP_OP2_11> of sequential type is unconnected in block <SR_LOGI>.
WARNING:Xst:2677 - Node <TEMP_OP2_12> of sequential type is unconnected in block <SR_LOGI>.
WARNING:Xst:2677 - Node <TEMP_OP2_13> of sequential type is unconnected in block <SR_LOGI>.
WARNING:Xst:2677 - Node <TEMP_OP2_14> of sequential type is unconnected in block <SR_LOGI>.
WARNING:Xst:2677 - Node <TEMP_OP2_15> of sequential type is unconnected in block <SR_LOGI>.
WARNING:Xst:2677 - Node <TEMP_OP2_16> of sequential type is unconnected in block <SR_LOGI>.
WARNING:Xst:2677 - Node <TEMP_OP2_17> of sequential type is unconnected in block <SR_LOGI>.
WARNING:Xst:2677 - Node <TEMP_OP2_18> of sequential type is unconnected in block <SR_LOGI>.
WARNING:Xst:2677 - Node <TEMP_OP2_19> of sequential type is unconnected in block <SR_LOGI>.
WARNING:Xst:2677 - Node <TEMP_OP2_20> of sequential type is unconnected in block <SR_LOGI>.
WARNING:Xst:2677 - Node <TEMP_OP2_21> of sequential type is unconnected in block <SR_LOGI>.
WARNING:Xst:2677 - Node <TEMP_OP2_22> of sequential type is unconnected in block <SR_LOGI>.
WARNING:Xst:2677 - Node <TEMP_OP2_23> of sequential type is unconnected in block <SR_LOGI>.
WARNING:Xst:2677 - Node <TEMP_OP2_24> of sequential type is unconnected in block <SR_LOGI>.
WARNING:Xst:2677 - Node <TEMP_OP2_25> of sequential type is unconnected in block <SR_LOGI>.
WARNING:Xst:2677 - Node <TEMP_OP2_26> of sequential type is unconnected in block <SR_LOGI>.
WARNING:Xst:2677 - Node <TEMP_OP2_27> of sequential type is unconnected in block <SR_LOGI>.
WARNING:Xst:2677 - Node <TEMP_OP2_28> of sequential type is unconnected in block <SR_LOGI>.
WARNING:Xst:2677 - Node <TEMP_OP2_29> of sequential type is unconnected in block <SR_LOGI>.
WARNING:Xst:2677 - Node <TEMP_OP2_30> of sequential type is unconnected in block <SR_LOGI>.
WARNING:Xst:2677 - Node <TEMP_OP2_31> of sequential type is unconnected in block <SR_LOGI>.

Optimizing unit <SR_LOGI> ...

Mapping all equations...
Building and optimizing final netlist ...
Found area constraint ratio of 100 (+ 5) on block SR_LOGI, actual ratio is 0.

Final Macro Processing ...

=========================================================================
Final Register Report

Macro Statistics
# Registers                                            : 37
 Flip-Flops                                            : 37

=========================================================================

=========================================================================
*                           Partition Report                            *
=========================================================================

Partition Implementation Status
-------------------------------

  No Partitions were found in this design.

-------------------------------

=========================================================================
*                            Design Summary                             *
=========================================================================

Top Level Output File Name         : SR_LOGI.ngc

Primitive and Black Box Usage:
------------------------------
# BELS                             : 39
#      GND                         : 1
#      LUT2                        : 1
#      LUT3                        : 20
#      LUT4                        : 15
#      LUT5                        : 1
#      LUT6                        : 1
# FlipFlops/Latches                : 37
#      FD                          : 30
#      FDE                         : 7
# Clock Buffers                    : 1
#      BUFGP                       : 1
# IO Buffers                       : 69
#      IBUF                        : 37
#      OBUF                        : 32

Device utilization summary:
---------------------------

Selected Device : 7a100tcsg324-1 


Slice Logic Utilization: 
 Number of Slice Registers:              37  out of  126800     0%  
 Number of Slice LUTs:                   38  out of  63400     0%  
    Number used as Logic:                38  out of  63400     0%  

Slice Logic Distribution: 
 Number of LUT Flip Flop pairs used:     38
   Number with an unused Flip Flop:       1  out of     38     2%  
   Number with an unused LUT:             0  out of     38     0%  
   Number of fully used LUT-FF pairs:    37  out of     38    97%  
   Number of unique control sets:         2

IO Utilization: 
 Number of IOs:                          98
 Number of bonded IOBs:                  70  out of    210    33%  

Specific Feature Utilization:
 Number of BUFG/BUFGCTRLs:                1  out of     32     3%  

---------------------------
Partition Resource Summary:
---------------------------

  No Partitions were found in this design.

---------------------------


=========================================================================
Timing Report

NOTE: THESE TIMING NUMBERS ARE ONLY A SYNTHESIS ESTIMATE.
      FOR ACCURATE TIMING INFORMATION PLEASE REFER TO THE TRACE REPORT
      GENERATED AFTER PLACE-and-ROUTE.

Clock Information:
------------------
-----------------------------------+------------------------+-------+
Clock Signal                       | Clock buffer(FF name)  | Load  |
-----------------------------------+------------------------+-------+
Clk                                | BUFGP                  | 37    |
-----------------------------------+------------------------+-------+

Asynchronous Control Signals Information:
----------------------------------------
No asynchronous control signals found in this design

Timing Summary:
---------------
Speed Grade: -1

   Minimum period: 2.254ns (Maximum Frequency: 443.594MHz)
   Minimum input arrival time before clock: 1.831ns
   Maximum output required time after clock: 0.883ns
   Maximum combinational path delay: No path found

Timing Details:
---------------
All values displayed in nanoseconds (ns)

=========================================================================
Timing constraint: Default period analysis for Clock 'Clk'
  Clock period: 2.254ns (frequency: 443.594MHz)
  Total number of paths / destination ports: 216 / 44
-------------------------------------------------------------------------
Delay:               2.254ns (Levels of Logic = 2)
  Source:            TEMP_OP2_0 (FF)
  Destination:       X_16 (FF)
  Source Clock:      Clk rising
  Destination Clock: Clk rising

  Data Path: TEMP_OP2_0 to X_16
                                Gate     Net
    Cell:in->out      fanout   Delay   Delay  Logical Name (Net Name)
    ----------------------------------------  ------------
     FD:C->Q               2   0.478   0.925  TEMP_OP2_0 (TEMP_OP2_0)
     LUT6:I1->O           31   0.124   0.573  _n0052_inv1 (_n0052_inv)
     LUT3:I2->O            1   0.124   0.000  X_0_rstpot (X_0_rstpot)
     FD:D                      0.030          X_0
    ----------------------------------------
    Total                      2.254ns (0.756ns logic, 1.498ns route)
                                       (33.5% logic, 66.5% route)

=========================================================================
Timing constraint: Default OFFSET IN BEFORE for Clock 'Clk'
  Total number of paths / destination ports: 73 / 44
-------------------------------------------------------------------------
Offset:              1.831ns (Levels of Logic = 3)
  Source:            Control_SRL (PAD)
  Destination:       X_16 (FF)
  Destination Clock: Clk rising

  Data Path: Control_SRL to X_16
                                Gate     Net
    Cell:in->out      fanout   Delay   Delay  Logical Name (Net Name)
    ----------------------------------------  ------------
     IBUF:I->O             7   0.001   0.979  Control_SRL_IBUF (Control_SRL_IBUF)
     LUT6:I0->O           31   0.124   0.573  _n0052_inv1 (_n0052_inv)
     LUT3:I2->O            1   0.124   0.000  X_0_rstpot (X_0_rstpot)
     FD:D                      0.030          X_0
    ----------------------------------------
    Total                      1.831ns (0.279ns logic, 1.552ns route)
                                       (15.2% logic, 84.8% route)

=========================================================================
Timing constraint: Default OFFSET OUT AFTER for Clock 'Clk'
  Total number of paths / destination ports: 31 / 31
-------------------------------------------------------------------------
Offset:              0.883ns (Levels of Logic = 1)
  Source:            X_23 (FF)
  Destination:       Output_SRL<23> (PAD)
  Source Clock:      Clk rising

  Data Path: X_23 to Output_SRL<23>
                                Gate     Net
    Cell:in->out      fanout   Delay   Delay  Logical Name (Net Name)
    ----------------------------------------  ------------
     FD:C->Q               2   0.478   0.405  X_23 (X_23)
     OBUF:I->O                 0.000          Output_SRL_23_OBUF (Output_SRL<23>)
    ----------------------------------------
    Total                      0.883ns (0.478ns logic, 0.405ns route)
                                       (54.1% logic, 45.9% route)

=========================================================================

Cross Clock Domains Report:
--------------------------

Clock to Setup on destination clock Clk
---------------+---------+---------+---------+---------+
               | Src:Rise| Src:Fall| Src:Rise| Src:Fall|
Source Clock   |Dest:Rise|Dest:Rise|Dest:Fall|Dest:Fall|
---------------+---------+---------+---------+---------+
Clk            |    2.254|         |         |         |
---------------+---------+---------+---------+---------+

=========================================================================


Total REAL time to Xst completion: 10.00 secs
Total CPU time to Xst completion: 10.42 secs
 
--> 

Total memory usage is 444836 kilobytes

Number of errors   :    0 (   0 filtered)
Number of warnings :   29 (   0 filtered)
Number of infos    :    0 (   0 filtered)

